// Jest Snapshot v1, https://goo.gl/fbAQLP

exports[`Index page should match the snapshot 1`] = `
<main>
  <h1>
    Next SpaceX Launch: 
    Mission Name
  </h1>
  <p>
    Falcon 9
     will take off from 
    Kennedy Space Center
     on 
    Sun Nov 15 2020
  </p>
</main>
`;
